// Jest Snapshot v1, https://goo.gl/fbAQLP

exports[`increments the CounterButton commponent 1`] = `
<button
  color="red"
  id="counter"
  onClick={[Function]}
>
  Count: 
  0
</button>
`;

exports[`renders the counterbutton commponent 1`] = `
<button
  color="red"
  id="counter"
  onClick={[Function]}
>
  Count: 
  0
</button>
`;
